------------------------------------------------------------
Timing Analyzer Summary
------------------------------------------------------------

Type  : Slow 1100mV 85C Model Setup 'divisor_clock_por_2:divisor_clock_50MHZ|clock'
Slack : -3.850
TNS   : -2960.009

Type  : Slow 1100mV 85C Model Setup 'clock_50Mhz'
Slack : -3.485
TNS   : -3.485

Type  : Slow 1100mV 85C Model Setup 'clock_75|clock_75mhz_inst|altera_pll_i|general[0].gpll~PLL_OUTPUT_COUNTER|divclk'
Slack : 11.280
TNS   : 0.000

Type  : Slow 1100mV 85C Model Hold 'divisor_clock_por_2:divisor_clock_50MHZ|clock'
Slack : 0.464
TNS   : 0.000

Type  : Slow 1100mV 85C Model Hold 'clock_75|clock_75mhz_inst|altera_pll_i|general[0].gpll~PLL_OUTPUT_COUNTER|divclk'
Slack : 0.760
TNS   : 0.000

Type  : Slow 1100mV 85C Model Hold 'clock_50Mhz'
Slack : 1.564
TNS   : 0.000

Type  : Slow 1100mV 85C Model Minimum Pulse Width 'divisor_clock_por_2:divisor_clock_50MHZ|clock'
Slack : -2.174
TNS   : -8068.559

Type  : Slow 1100mV 85C Model Minimum Pulse Width 'clock_75|clock_75mhz_inst|altera_pll_i|general[0].gpll~FRACTIONAL_PLL|vcoph[0]'
Slack : 1.666
TNS   : 0.000

Type  : Slow 1100mV 85C Model Minimum Pulse Width 'clock_75|clock_75mhz_inst|altera_pll_i|general[0].gpll~PLL_OUTPUT_COUNTER|divclk'
Slack : 5.424
TNS   : 0.000

Type  : Slow 1100mV 85C Model Minimum Pulse Width 'clock_50Mhz'
Slack : 8.718
TNS   : 0.000

Type  : Slow 1100mV 0C Model Setup 'divisor_clock_por_2:divisor_clock_50MHZ|clock'
Slack : -3.772
TNS   : -2797.653

Type  : Slow 1100mV 0C Model Setup 'clock_50Mhz'
Slack : -3.388
TNS   : -3.388

Type  : Slow 1100mV 0C Model Setup 'clock_75|clock_75mhz_inst|altera_pll_i|general[0].gpll~PLL_OUTPUT_COUNTER|divclk'
Slack : 11.250
TNS   : 0.000

Type  : Slow 1100mV 0C Model Hold 'divisor_clock_por_2:divisor_clock_50MHZ|clock'
Slack : 0.436
TNS   : 0.000

Type  : Slow 1100mV 0C Model Hold 'clock_75|clock_75mhz_inst|altera_pll_i|general[0].gpll~PLL_OUTPUT_COUNTER|divclk'
Slack : 0.790
TNS   : 0.000

Type  : Slow 1100mV 0C Model Hold 'clock_50Mhz'
Slack : 1.525
TNS   : 0.000

Type  : Slow 1100mV 0C Model Minimum Pulse Width 'divisor_clock_por_2:divisor_clock_50MHZ|clock'
Slack : -2.174
TNS   : -8031.883

Type  : Slow 1100mV 0C Model Minimum Pulse Width 'clock_75|clock_75mhz_inst|altera_pll_i|general[0].gpll~FRACTIONAL_PLL|vcoph[0]'
Slack : 1.666
TNS   : 0.000

Type  : Slow 1100mV 0C Model Minimum Pulse Width 'clock_75|clock_75mhz_inst|altera_pll_i|general[0].gpll~PLL_OUTPUT_COUNTER|divclk'
Slack : 5.405
TNS   : 0.000

Type  : Slow 1100mV 0C Model Minimum Pulse Width 'clock_50Mhz'
Slack : 8.719
TNS   : 0.000

Type  : Fast 1100mV 85C Model Setup 'clock_50Mhz'
Slack : -2.717
TNS   : -2.717

Type  : Fast 1100mV 85C Model Setup 'divisor_clock_por_2:divisor_clock_50MHZ|clock'
Slack : -2.033
TNS   : -1620.499

Type  : Fast 1100mV 85C Model Setup 'clock_75|clock_75mhz_inst|altera_pll_i|general[0].gpll~PLL_OUTPUT_COUNTER|divclk'
Slack : 12.143
TNS   : 0.000

Type  : Fast 1100mV 85C Model Hold 'divisor_clock_por_2:divisor_clock_50MHZ|clock'
Slack : 0.196
TNS   : 0.000

Type  : Fast 1100mV 85C Model Hold 'clock_75|clock_75mhz_inst|altera_pll_i|general[0].gpll~PLL_OUTPUT_COUNTER|divclk'
Slack : 0.457
TNS   : 0.000

Type  : Fast 1100mV 85C Model Hold 'clock_50Mhz'
Slack : 1.484
TNS   : 0.000

Type  : Fast 1100mV 85C Model Minimum Pulse Width 'divisor_clock_por_2:divisor_clock_50MHZ|clock'
Slack : -2.174
TNS   : -7959.681

Type  : Fast 1100mV 85C Model Minimum Pulse Width 'clock_75|clock_75mhz_inst|altera_pll_i|general[0].gpll~FRACTIONAL_PLL|vcoph[0]'
Slack : 1.666
TNS   : 0.000

Type  : Fast 1100mV 85C Model Minimum Pulse Width 'clock_75|clock_75mhz_inst|altera_pll_i|general[0].gpll~PLL_OUTPUT_COUNTER|divclk'
Slack : 5.545
TNS   : 0.000

Type  : Fast 1100mV 85C Model Minimum Pulse Width 'clock_50Mhz'
Slack : 8.811
TNS   : 0.000

Type  : Fast 1100mV 0C Model Setup 'clock_50Mhz'
Slack : -2.353
TNS   : -2.353

Type  : Fast 1100mV 0C Model Setup 'divisor_clock_por_2:divisor_clock_50MHZ|clock'
Slack : -1.753
TNS   : -1332.784

Type  : Fast 1100mV 0C Model Setup 'clock_75|clock_75mhz_inst|altera_pll_i|general[0].gpll~PLL_OUTPUT_COUNTER|divclk'
Slack : 12.161
TNS   : 0.000

Type  : Fast 1100mV 0C Model Hold 'divisor_clock_por_2:divisor_clock_50MHZ|clock'
Slack : 0.163
TNS   : 0.000

Type  : Fast 1100mV 0C Model Hold 'clock_75|clock_75mhz_inst|altera_pll_i|general[0].gpll~PLL_OUTPUT_COUNTER|divclk'
Slack : 0.449
TNS   : 0.000

Type  : Fast 1100mV 0C Model Hold 'clock_50Mhz'
Slack : 1.194
TNS   : 0.000

Type  : Fast 1100mV 0C Model Minimum Pulse Width 'divisor_clock_por_2:divisor_clock_50MHZ|clock'
Slack : -2.174
TNS   : -7923.335

Type  : Fast 1100mV 0C Model Minimum Pulse Width 'clock_75|clock_75mhz_inst|altera_pll_i|general[0].gpll~FRACTIONAL_PLL|vcoph[0]'
Slack : 1.666
TNS   : 0.000

Type  : Fast 1100mV 0C Model Minimum Pulse Width 'clock_75|clock_75mhz_inst|altera_pll_i|general[0].gpll~PLL_OUTPUT_COUNTER|divclk'
Slack : 5.548
TNS   : 0.000

Type  : Fast 1100mV 0C Model Minimum Pulse Width 'clock_50Mhz'
Slack : 8.832
TNS   : 0.000

------------------------------------------------------------
