------------------------------------------------------------
Timing Analyzer Summary
------------------------------------------------------------

Type  : Slow 1100mV 85C Model Setup 'clock_vga'
Slack : -9.058
TNS   : -7487.660

Type  : Slow 1100mV 85C Model Setup 'clock'
Slack : -3.529
TNS   : -3.529

Type  : Slow 1100mV 85C Model Hold 'clock_vga'
Slack : 0.325
TNS   : 0.000

Type  : Slow 1100mV 85C Model Hold 'clock'
Slack : 1.635
TNS   : 0.000

Type  : Slow 1100mV 85C Model Minimum Pulse Width 'clock_vga'
Slack : -2.174
TNS   : -7927.512

Type  : Slow 1100mV 85C Model Minimum Pulse Width 'clock'
Slack : -0.817
TNS   : -1.397

Type  : Slow 1100mV 0C Model Setup 'clock_vga'
Slack : -9.243
TNS   : -7583.741

Type  : Slow 1100mV 0C Model Setup 'clock'
Slack : -3.428
TNS   : -3.428

Type  : Slow 1100mV 0C Model Hold 'clock_vga'
Slack : 0.338
TNS   : 0.000

Type  : Slow 1100mV 0C Model Hold 'clock'
Slack : 1.551
TNS   : 0.000

Type  : Slow 1100mV 0C Model Minimum Pulse Width 'clock_vga'
Slack : -2.174
TNS   : -7904.550

Type  : Slow 1100mV 0C Model Minimum Pulse Width 'clock'
Slack : -0.816
TNS   : -1.422

Type  : Fast 1100mV 85C Model Setup 'clock_vga'
Slack : -4.628
TNS   : -3948.610

Type  : Fast 1100mV 85C Model Setup 'clock'
Slack : -2.663
TNS   : -2.663

Type  : Fast 1100mV 85C Model Hold 'clock_vga'
Slack : 0.163
TNS   : 0.000

Type  : Fast 1100mV 85C Model Hold 'clock'
Slack : 1.456
TNS   : 0.000

Type  : Fast 1100mV 85C Model Minimum Pulse Width 'clock_vga'
Slack : -2.174
TNS   : -7863.488

Type  : Fast 1100mV 85C Model Minimum Pulse Width 'clock'
Slack : -0.712
TNS   : -1.075

Type  : Fast 1100mV 0C Model Setup 'clock_vga'
Slack : -4.337
TNS   : -3652.841

Type  : Fast 1100mV 0C Model Setup 'clock'
Slack : -2.279
TNS   : -2.279

Type  : Fast 1100mV 0C Model Hold 'clock_vga'
Slack : 0.143
TNS   : 0.000

Type  : Fast 1100mV 0C Model Hold 'clock'
Slack : 1.134
TNS   : 0.000

Type  : Fast 1100mV 0C Model Minimum Pulse Width 'clock_vga'
Slack : -2.174
TNS   : -7833.283

Type  : Fast 1100mV 0C Model Minimum Pulse Width 'clock'
Slack : -0.684
TNS   : -1.028

------------------------------------------------------------
